[2025-12-29 08:51:37] INFO: Working on device cuda:0
[2025-12-29 08:51:48] INFO: Starting fresh
[2025-12-29 08:51:48] INFO: Started Trainnig Loop with epoch: 5 and batch size: 50

[2025-12-29 09:10:23] INFO: 10.171923607826233
[2025-12-29 09:29:09] INFO: 10.09626596879959
[2025-12-29 09:47:59] INFO: 9.891025079409282
[2025-12-29 10:06:51] INFO: 9.648856708645821
[2025-12-29 10:25:36] INFO: 9.437480485630035

[2025-12-29 11:34:49] INFO: Working on device cuda:0
[2025-12-29 11:34:51] INFO: Loading from checkpoint: ./saves/DistributedDataParallel_step_10000_2025-12-29_10-25-32.pt   
[2025-12-29 11:35:06] INFO: Started Trainnig Loop with epoch: 5 and batch size: 50

[2025-12-29 11:53:21] INFO: 8.401081160545349
[2025-12-29 12:11:33] INFO: 8.332070747971535
[2025-12-29 12:29:50] INFO: 8.256006892681121
[2025-12-29 12:48:06] INFO: 8.19233811801672
[2025-12-29 13:06:23] INFO: 8.137797983312607
[2025-12-29 13:24:43] INFO: 8.091317103385926
[2025-12-29 13:43:09] INFO: 8.052751518215452

[2025-12-31 04:48:26] INFO: Working on device cuda:0
[2025-12-31 04:48:29] INFO: Loading from checkpoint: ./saves/Transformer_step_2000_2025-12-31_04-46-36.pt   
[2025-12-31 04:48:30] INFO: Started Trainnig Loop with epoch: 5 and batch size: 32

[2025-12-31 04:55:14] INFO: 8.992577870130539
[2025-12-31 05:01:52] INFO: 11.22772727906704[2025-12-31 05:49:30] INFO: Working on device cuda:0
[2025-12-31 05:49:33] INFO: Starting fresh
[2025-12-31 05:49:33] INFO: Started Trainnig Loop with epoch: 5 and batch size: 32

[2025-12-31 05:56:18] INFO: 8.60035565519333
[2025-12-31 06:02:57] INFO: 8.855997328400612
[2025-12-31 06:22:09] INFO: Working on device cuda:0
[2025-12-31 06:22:12] INFO: Starting fresh
[2025-12-31 06:22:12] INFO: Started Trainnig Loop with epoch: 5 and batch size: 32

[2025-12-31 06:28:13] INFO: 10.158997545719147
[2025-12-31 06:34:12] INFO: 10.159108021736145
[2025-12-31 06:40:16] INFO: 10.158234398523966
[2025-12-31 06:46:24] INFO: 10.15801871228218
[2025-12-31 06:52:35] INFO: 10.157887036895753
[2025-12-31 06:58:43] INFO: 10.158142093817393
[2025-12-31 11:32:03] INFO: Working on device cuda:0
[2025-12-31 11:32:29] INFO: Starting fresh
[2025-12-31 11:32:29] INFO: Started Trainnig Loop with epoch: 5 and batch size: 32

[2025-12-31 11:34:27] INFO: Working on device cuda:0
[2025-12-31 11:34:29] INFO: Starting fresh
[2025-12-31 11:34:29] INFO: Started Trainnig Loop with epoch: 5 and batch size: 32

[2025-12-31 11:41:04] INFO: 9.212880153417588
[2025-12-31 11:47:38] INFO: 8.604034454107284
[2025-12-31 11:54:15] INFO: 8.471233251412709
[2025-12-31 12:00:54] INFO: 8.784830756425858
[2025-12-31 12:07:35] INFO: 10.08468838777542
[2025-12-31 12:14:07] INFO: 12.20004109787941
[2026-01-01 12:45:21] INFO: Working on device cuda:0
[2026-01-01 12:46:11] INFO: Working on device cuda:0
[2026-01-01 12:46:20] INFO: Starting fresh
[2026-01-01 12:46:20] INFO: Started Trainnig Loop with epoch: 5 and batch size: 32

[2026-01-01 12:53:01] INFO: 5.04898645067215
[2026-01-01 12:59:31] INFO: Working on device cuda:0
[2026-01-01 13:20:14] INFO: 2.3351212541858355
[2026-01-01 13:27:14] INFO: 2.278378011316061
[2026-01-01 13:45:19] INFO: Working on device cuda:0
[2026-01-01 13:46:43] INFO: Working on device cuda:0
[2026-01-01 13:46:57] INFO: Starting fresh
[2026-01-01 13:46:57] INFO: Started Trainnig Loop with epoch: 5 and batch size: 32

[2026-01-01 13:53:37] INFO: 3.780079328417778
[2026-01-02 09:08:04] INFO: Working on device cuda:0
[2026-01-02 09:08:26] INFO: Starting fresh
[2026-01-02 09:08:26] INFO: Started Trainnig Loop with epoch: 5 and batch size: 32

[2026-01-02 09:15:01] INFO: 7.334064010381699
[2026-01-02 09:21:33] INFO: 6.929458513140679
[2026-01-02 09:28:06] INFO: 6.723574834982554
[2026-01-02 09:34:42] INFO: 6.589259156167508
[2026-01-02 09:41:23] INFO: 6.4925625933170314
[2026-01-02 09:47:53] INFO: 6.417975728034973
[2026-01-02 09:54:33] INFO: 6.35759244462422
[2026-01-02 10:01:13] INFO: 6.308362195014953
[2026-01-02 10:07:50] INFO: 6.267064858648512
[2026-01-02 10:14:33] INFO: 6.2319025709867475
[2026-01-02 10:38:29] INFO: Working on device cuda:0
[2026-01-02 10:38:46] INFO: Loading from checkpoint: ./saves/Transformer_step_20000_2026-01-02_10-14-21.pt   
[2026-01-02 10:38:53] INFO: Started Trainnig Loop with epoch: 5 and batch size: 32

[2026-01-02 10:45:31] INFO: 5.8890564260482785
[2026-01-02 10:52:10] INFO: 5.8785644567012785
[2026-01-02 10:58:48] INFO: 5.867202204147975
[2026-01-02 11:05:30] INFO: 5.857606186568737
[2026-01-02 11:12:16] INFO: 5.847782250499725
[2026-01-02 11:18:53] INFO: 5.838182249307632
[2026-01-02 11:25:36] INFO: 5.828597014086587
[2026-01-02 11:32:18] INFO: 5.820393251299858
[2026-01-02 11:39:02] INFO: 5.812666751835081
[2026-01-02 11:45:43] INFO: 5.805898553848267
[2026-01-02 11:52:22] INFO: 5.800835042324933

[2026-01-05 11:39:24] INFO: Working on device cuda:0
[2026-01-05 11:39:48] INFO: Starting fresh
[2026-01-05 11:39:48] INFO: Started Trainnig Loop with epoch: 5 and batch size: 32

[2026-01-05 11:46:23] INFO: 7.156896070003509
[2026-01-05 11:52:49] INFO: 6.682439418196678
[2026-01-05 11:58:40] INFO: Working on device cuda:0
[2026-01-05 11:59:02] INFO: Loading from checkpoint: ./saves/Transformer_step_4000_2026-01-05_11-52-47.pt   
[2026-01-05 11:59:22] INFO: Started Trainnig Loop with epoch: 5 and batch size: 32

[2026-01-05 12:06:11] INFO: 5.916600101947784
[2026-01-05 12:12:56] INFO: 5.767598278522492
[2026-01-05 12:19:45] INFO: 5.667070633093516
[2026-01-05 12:26:33] INFO: 5.587725286126137
[2026-01-05 12:33:26] INFO: 5.519787926673889
[2026-01-05 12:40:08] INFO: 5.459547525048256
[2026-01-05 12:46:52] INFO: 5.406761437484196
[2026-01-05 12:53:41] INFO: 5.360689152270555
[2026-01-05 13:00:39] INFO: 5.319419471449322
[2026-01-05 13:07:26] INFO: 5.282961059999466
[2026-01-05 13:14:13] INFO: 5.250889449748126
[2026-01-05 13:20:58] INFO: 5.223633649786313
[2026-01-05 13:27:49] INFO: 5.202524659725336